2025-10-18 22:59:46 - prefect - INFO - Starting temporary server on http://127.0.0.1:8168
See https://docs.prefect.io/v3/concepts/server#how-to-guides for more information on running a dedicated Prefect server.
2025-10-18 22:59:54 - httpx - INFO - HTTP Request: GET http://127.0.0.1:8168/api/health "HTTP/1.1 200 OK"
2025-10-18 22:59:54 - httpx - INFO - HTTP Request: GET http://127.0.0.1:8168/api/admin/version "HTTP/1.1 200 OK"
2025-10-18 22:59:54 - httpx - INFO - HTTP Request: GET http://127.0.0.1:8168/api/csrf-token?client=e33d5bdc-7769-4dc8-91ac-23e8d166fb84 "HTTP/1.1 422 Unprocessable Entity"
2025-10-18 22:59:54 - httpx - INFO - HTTP Request: POST http://127.0.0.1:8168/api/flows/ "HTTP/1.1 200 OK"
2025-10-18 22:59:54 - httpx - INFO - HTTP Request: POST http://127.0.0.1:8168/api/flow_runs/ "HTTP/1.1 201 Created"
2025-10-18 22:59:55 - httpx - INFO - HTTP Request: POST http://127.0.0.1:8168/api/flow_runs/400b26e3-91e5-413b-9012-9456ecef3af5/set_state "HTTP/1.1 201 Created"
2025-10-18 22:59:55 - httpx - INFO - HTTP Request: GET http://127.0.0.1:8168/api/flow_runs/400b26e3-91e5-413b-9012-9456ecef3af5 "HTTP/1.1 200 OK"
2025-10-18 22:59:55 - prefect.flow_runs - INFO - Beginning flow run 'diamond-yak' for flow 'orchestrated-youtube-playlist-content-ingestion-pipeline'
2025-10-18 22:59:55 - __main__ - INFO - 🚀 Starting Content Ingestion Pipeline
2025-10-18 22:59:55 - __main__ - INFO - 📥 Step 1: Loading existing content catalog...
2025-10-18 22:59:55 - ingestion.content_catalog - INFO - 📂 Loading existing catalog: /home/sidd4ml/capstoneproject-2025-llmz/data/content_catalog/content_catalog_20251013_215927.csv
2025-10-18 22:59:55 - ingestion.content_catalog - INFO - ✅ Successfully loaded 98 videos from existing catalog
2025-10-18 22:59:55 - ingestion.content_catalog - INFO - 🗑️  Deleted previous catalog file: /home/sidd4ml/capstoneproject-2025-llmz/data/content_catalog/content_catalog_20251013_215927.csv
2025-10-18 22:59:55 - prefect.task_runs - INFO - Finished in state Completed()
2025-10-18 22:59:55 - __main__ - INFO - 🔄 Step 2: Creating current content catalog...
2025-10-18 22:59:55 - httpx - INFO - HTTP Request: GET http://127.0.0.1:8168/api/flows/83a940f8-0e70-4577-bb9e-a302bd69d983 "HTTP/1.1 200 OK"
2025-10-18 22:59:55 - ingestion.content_catalog - INFO - 📁 Looking for properties file: /home/sidd4ml/capstoneproject-2025-llmz/playlists.properties
2025-10-18 22:59:55 - ingestion.content_catalog - INFO - 📁 File exists: True
2025-10-18 22:59:55 - ingestion.content_catalog - INFO - 📋 Read 2 playlist URLs from /home/sidd4ml/capstoneproject-2025-llmz/playlists.properties
2025-10-18 22:59:55 - prefect.task_runs - INFO - Finished in state Completed()
2025-10-18 22:59:55 - ingestion.content_catalog - INFO - ✅ Successfully obtained access token
2025-10-18 22:59:55 - prefect.task_runs - INFO - Finished in state Completed()
2025-10-18 22:59:55 - ingestion.content_catalog - INFO - 🔍 Scanning playlist: https://www.youtube.com/playlist?list=PLSG9IRx05GOn-ioDWMw5-92PsbPi-MHSH
2025-10-18 22:59:56 - ingestion.content_catalog - INFO - Fetching playlist items for playlist ID: PLSG9IRx05GOn-ioDWMw5-92PsbPi-MHSH
2025-10-18 22:59:57 - httpx - INFO - HTTP Request: GET http://127.0.0.1:8168/api/csrf-token?client=85b514a2-9d74-4c35-86dd-7b114191377b "HTTP/1.1 422 Unprocessable Entity"
2025-10-18 22:59:57 - httpx - INFO - HTTP Request: POST http://127.0.0.1:8168/api/logs/ "HTTP/1.1 201 Created"
2025-10-18 22:59:57 - ingestion.content_catalog - INFO - Completed fetching 61 items from playlist PLSG9IRx05GOn-ioDWMw5-92PsbPi-MHSH
2025-10-18 22:59:57 - prefect.task_runs - INFO - Finished in state Completed()
2025-10-18 22:59:57 - ingestion.content_catalog - INFO - Fetching metadata for 61 videos
2025-10-18 22:59:58 - ingestion.content_catalog - INFO - Completed metadata fetch for 61 videos
2025-10-18 22:59:58 - prefect.task_runs - INFO - Finished in state Completed()
2025-10-18 22:59:58 - ingestion.content_catalog - INFO - 🔍 Scanning playlist: https://www.youtube.com/playlist?list=PLSG9IRx05GOlqnHGUm2bYVi2KPXYC_lTg
2025-10-18 22:59:59 - ingestion.content_catalog - INFO - Fetching playlist items for playlist ID: PLSG9IRx05GOlqnHGUm2bYVi2KPXYC_lTg
2025-10-18 22:59:59 - httpx - INFO - HTTP Request: POST http://127.0.0.1:8168/api/logs/ "HTTP/1.1 201 Created"
2025-10-18 23:00:00 - ingestion.content_catalog - INFO - Completed fetching 63 items from playlist PLSG9IRx05GOlqnHGUm2bYVi2KPXYC_lTg
2025-10-18 23:00:00 - prefect.task_runs - INFO - Finished in state Completed()
2025-10-18 23:00:00 - ingestion.content_catalog - INFO - Fetching metadata for 63 videos
2025-10-18 23:00:01 - ingestion.content_catalog - WARNING - Missing metadata for videos: ['jRlkOU0g9kM']
2025-10-18 23:00:01 - httpx - INFO - HTTP Request: POST http://127.0.0.1:8168/api/logs/ "HTTP/1.1 201 Created"
2025-10-18 23:00:01 - ingestion.content_catalog - INFO - Completed metadata fetch for 62 videos
2025-10-18 23:00:01 - prefect.task_runs - INFO - Finished in state Completed()
2025-10-18 23:00:01 - ingestion.content_catalog - INFO - ✅ Created new content catalog: /home/sidd4ml/capstoneproject-2025-llmz/data/content_catalog/content_catalog_20251018_230001.csv with 108 videos
2025-10-18 23:00:01 - prefect.task_runs - INFO - Finished in state Completed()
2025-10-18 23:00:01 - __main__ - INFO - 🔍 Step 3: Comparing catalogs for new videos...
2025-10-18 23:00:02 - __main__ - INFO - 🆕 Found 10 new videos
2025-10-18 23:00:02 - prefect.task_runs - INFO - Finished in state Completed()
2025-10-18 23:00:02 - __main__ - INFO - 🎯 Step 4: Processing 10 new videos...
2025-10-18 23:00:02 - __main__ - INFO - 📊 Initial Video Type Breakdown:
2025-10-18 23:00:02 - __main__ - INFO -  Videos  🎯 With captions: 6 videos
2025-10-18 23:00:02 - __main__ - INFO -  Videos  🔇 Without captions: 4 videos (ASR candidates)
2025-10-18 23:00:02 - __main__ - INFO - 🎬 Starting transcript processing for videos with captions...
2025-10-18 23:00:02 - __main__ - INFO - 🎬 Processing: How to Survive Being Kicked in the Groin (euq82a4SJdY)
2025-10-18 23:00:02 - ingestion.transcript_ingestion - INFO - 
🎬 Processing Video: How to Survive Being Kicked in the Groin (euq82a4SJdY)
2025-10-18 23:00:02 - ingestion.transcript_ingestion - INFO - 📝 Step 1: Extracting Transcript...
2025-10-18 23:00:03 - ingestion.transcript_ingestion - WARNING - ⛔ Video is age-restricted. Skipping as authentication is currently unsupported.
2025-10-18 23:00:03 - ingestion.transcript_ingestion - WARNING - ⛔ Age-restricted video - cannot process with transcript API
2025-10-18 23:00:03 - __main__ - WARNING - ❌ Failed to process: How to Survive Being Kicked in the Groin
2025-10-18 23:00:03 - __main__ - INFO - 🎬 Processing: How to Survive Frost Bite (sr-xcxgPWq8)
2025-10-18 23:00:03 - ingestion.transcript_ingestion - INFO - 
🎬 Processing Video: How to Survive Frost Bite (sr-xcxgPWq8)
2025-10-18 23:00:03 - ingestion.transcript_ingestion - INFO - 📝 Step 1: Extracting Transcript...
2025-10-18 23:00:03 - httpx - INFO - HTTP Request: POST http://127.0.0.1:8168/api/logs/ "HTTP/1.1 201 Created"
2025-10-18 23:00:04 - ingestion.transcript_ingestion - WARNING - ⛔ Video is age-restricted. Skipping as authentication is currently unsupported.
2025-10-18 23:00:04 - ingestion.transcript_ingestion - WARNING - ⛔ Age-restricted video - cannot process with transcript API
2025-10-18 23:00:04 - __main__ - WARNING - ❌ Failed to process: How to Survive Frost Bite
2025-10-18 23:00:04 - __main__ - INFO - 🎬 Processing: How I Survived a Tsunami (nhRk6oETRoE)
2025-10-18 23:00:04 - ingestion.transcript_ingestion - INFO - 
🎬 Processing Video: How I Survived a Tsunami (nhRk6oETRoE)
2025-10-18 23:00:04 - ingestion.transcript_ingestion - INFO - 📝 Step 1: Extracting Transcript...
2025-10-18 23:00:05 - ingestion.transcript_ingestion - INFO - Found: English (United States) (en-US) - Manual
2025-10-18 23:00:05 - ingestion.transcript_ingestion - INFO - Found: English (auto-generated) (en) - Auto
2025-10-18 23:00:05 - ingestion.transcript_ingestion - INFO - ✓ Using MANUAL transcript: en-US
2025-10-18 23:00:05 - ingestion.transcript_ingestion - INFO - ✅ Transcript extracted: 148 lines
2025-10-18 23:00:05 - ingestion.transcript_ingestion - INFO - 📖 Step 2: Extracting Chapters...
2025-10-18 23:00:13 - ingestion.transcript_ingestion - INFO - Extracted 4 chapters from video
2025-10-18 23:00:13 - ingestion.transcript_ingestion - INFO - ✅ Chapters found: 4 chapters
2025-10-18 23:00:13 - ingestion.transcript_ingestion - INFO - [00:00] Tsunami Survivor Stories
2025-10-18 23:00:13 - ingestion.transcript_ingestion - INFO - [00:00] Holding On
2025-10-18 23:00:13 - ingestion.transcript_ingestion - INFO - [00:00] A Black Wall
2025-10-18 23:00:13 - ingestion.transcript_ingestion - INFO - ... and 1 more chapters
2025-10-18 23:00:13 - ingestion.transcript_ingestion - INFO - 🔗 Step 3: Combining Transcript with Chapters...
2025-10-18 23:00:13 - ingestion.transcript_ingestion - INFO - Segmented transcript into 4 chapters
2025-10-18 23:00:13 - ingestion.transcript_ingestion - INFO - 💾 Step 4: Saving Transcript...
2025-10-18 23:00:13 - ingestion.transcript_ingestion - INFO - 💾 Transcript with temporal context saved: /home/sidd4ml/capstoneproject-2025-llmz/data/raw_ingested_transcripts/How I Survived a Tsunami_25-10-18 11:00 PM.json
2025-10-18 23:00:13 - ingestion.transcript_ingestion - INFO - ✅ Successfully processed: How I Survived a Tsunami
2025-10-18 23:00:13 - __main__ - INFO - ✅ Successfully processed: How I Survived a Tsunami
2025-10-18 23:00:13 - __main__ - INFO - 🎬 Processing: AI Predicts a Massive Asteroid Strike on Earth (7r-SYJ_yclc)
2025-10-18 23:00:13 - ingestion.transcript_ingestion - INFO - 
🎬 Processing Video: AI Predicts a Massive Asteroid Strike on Earth (7r-SYJ_yclc)
2025-10-18 23:00:13 - ingestion.transcript_ingestion - INFO - 📝 Step 1: Extracting Transcript...
2025-10-18 23:00:14 - ingestion.transcript_ingestion - INFO - Found: English (United States) (en-US) - Manual
2025-10-18 23:00:14 - ingestion.transcript_ingestion - INFO - Found: English (auto-generated) (en) - Auto
2025-10-18 23:00:14 - ingestion.transcript_ingestion - INFO - ✓ Using MANUAL transcript: en-US
2025-10-18 23:00:14 - ingestion.transcript_ingestion - INFO - ✅ Transcript extracted: 141 lines
2025-10-18 23:00:14 - ingestion.transcript_ingestion - INFO - 📖 Step 2: Extracting Chapters...
2025-10-18 23:00:20 - ingestion.transcript_ingestion - INFO - Extracted 7 chapters from video
2025-10-18 23:00:20 - ingestion.transcript_ingestion - INFO - ✅ Chapters found: 7 chapters
2025-10-18 23:00:20 - ingestion.transcript_ingestion - INFO - [00:00] A.I. Predicts a Massive Asteroid Strike on Earth
2025-10-18 23:00:20 - ingestion.transcript_ingestion - INFO - [01:07] one year before impact
2025-10-18 23:00:20 - ingestion.transcript_ingestion - INFO - [02:24] 1 month before impact
2025-10-18 23:00:20 - ingestion.transcript_ingestion - INFO - ... and 4 more chapters
2025-10-18 23:00:20 - ingestion.transcript_ingestion - INFO - 🔗 Step 3: Combining Transcript with Chapters...
2025-10-18 23:00:20 - ingestion.transcript_ingestion - INFO - Segmented transcript into 7 chapters
2025-10-18 23:00:20 - ingestion.transcript_ingestion - INFO - 💾 Step 4: Saving Transcript...
2025-10-18 23:00:20 - ingestion.transcript_ingestion - INFO - 💾 Transcript with temporal context saved: /home/sidd4ml/capstoneproject-2025-llmz/data/raw_ingested_transcripts/AI Predicts a Massive Asteroid Strike on Earth_25-10-18 11:00 PM.json
2025-10-18 23:00:20 - ingestion.transcript_ingestion - INFO - ✅ Successfully processed: AI Predicts a Massive Asteroid Strike on Earth
2025-10-18 23:00:20 - __main__ - INFO - ✅ Successfully processed: AI Predicts a Massive Asteroid Strike on Earth
2025-10-18 23:00:20 - __main__ - INFO - 🎬 Processing: Earthquake Size Comparison (3wopJlRVKMM)
2025-10-18 23:00:20 - ingestion.transcript_ingestion - INFO - 
🎬 Processing Video: Earthquake Size Comparison (3wopJlRVKMM)
2025-10-18 23:00:20 - ingestion.transcript_ingestion - INFO - 📝 Step 1: Extracting Transcript...
2025-10-18 23:00:21 - ingestion.transcript_ingestion - INFO - Found: English (United States) (en-US) - Manual
2025-10-18 23:00:21 - ingestion.transcript_ingestion - INFO - Found: English (auto-generated) (en) - Auto
2025-10-18 23:00:21 - ingestion.transcript_ingestion - INFO - ✓ Using MANUAL transcript: en-US
2025-10-18 23:00:21 - ingestion.transcript_ingestion - INFO - ✅ Transcript extracted: 146 lines
2025-10-18 23:00:21 - ingestion.transcript_ingestion - INFO - 📖 Step 2: Extracting Chapters...
2025-10-18 23:00:29 - ingestion.transcript_ingestion - INFO - Extracted 7 chapters from video
2025-10-18 23:00:29 - ingestion.transcript_ingestion - INFO - ✅ Chapters found: 7 chapters
2025-10-18 23:00:29 - ingestion.transcript_ingestion - INFO - [00:00] Assam-Tibet
2025-10-18 23:00:29 - ingestion.transcript_ingestion - INFO - [01:50] Rat Island
2025-10-18 23:00:29 - ingestion.transcript_ingestion - INFO - [02:40] Chile
2025-10-18 23:00:29 - ingestion.transcript_ingestion - INFO - ... and 4 more chapters
2025-10-18 23:00:29 - ingestion.transcript_ingestion - INFO - 🔗 Step 3: Combining Transcript with Chapters...
2025-10-18 23:00:29 - ingestion.transcript_ingestion - INFO - Segmented transcript into 7 chapters
2025-10-18 23:00:29 - ingestion.transcript_ingestion - INFO - 💾 Step 4: Saving Transcript...
2025-10-18 23:00:29 - ingestion.transcript_ingestion - INFO - 💾 Transcript with temporal context saved: /home/sidd4ml/capstoneproject-2025-llmz/data/raw_ingested_transcripts/Earthquake Size Comparison_25-10-18 11:00 PM.json
2025-10-18 23:00:29 - ingestion.transcript_ingestion - INFO - ✅ Successfully processed: Earthquake Size Comparison
2025-10-18 23:00:29 - __main__ - INFO - ✅ Successfully processed: Earthquake Size Comparison
2025-10-18 23:00:29 - __main__ - INFO - 🎬 Processing: TERRIFYING Tornado Scenarios: What You Should Do (CAjkJ2kSMmE)
2025-10-18 23:00:29 - ingestion.transcript_ingestion - INFO - 
🎬 Processing Video: TERRIFYING Tornado Scenarios: What You Should Do (CAjkJ2kSMmE)
2025-10-18 23:00:29 - ingestion.transcript_ingestion - INFO - 📝 Step 1: Extracting Transcript...
2025-10-18 23:00:30 - ingestion.transcript_ingestion - INFO - Found: English (en) - Manual
2025-10-18 23:00:30 - ingestion.transcript_ingestion - INFO - Found: English (United States) (en-US) - Manual
2025-10-18 23:00:30 - ingestion.transcript_ingestion - INFO - Found: English (auto-generated) (en) - Auto
2025-10-18 23:00:30 - ingestion.transcript_ingestion - INFO - ✓ Using MANUAL transcript: en
2025-10-18 23:00:30 - ingestion.transcript_ingestion - INFO - ✅ Transcript extracted: 628 lines
2025-10-18 23:00:30 - ingestion.transcript_ingestion - INFO - 📖 Step 2: Extracting Chapters...
2025-10-18 23:00:37 - ingestion.transcript_ingestion - INFO - Extracted 5 chapters from video
2025-10-18 23:00:37 - ingestion.transcript_ingestion - INFO - ✅ Chapters found: 5 chapters
2025-10-18 23:00:37 - ingestion.transcript_ingestion - INFO - [00:00] Simulating The Deadliest Tornado Scenarios
2025-10-18 23:00:37 - ingestion.transcript_ingestion - INFO - [04:21] SURVIVING A TORNADO IN A HOUSE
2025-10-18 23:00:37 - ingestion.transcript_ingestion - INFO - [06:25] SURVIVING A TORNADO IN A SKYSCRAPER
2025-10-18 23:00:37 - ingestion.transcript_ingestion - INFO - ... and 2 more chapters
2025-10-18 23:00:37 - ingestion.transcript_ingestion - INFO - 🔗 Step 3: Combining Transcript with Chapters...
2025-10-18 23:00:37 - ingestion.transcript_ingestion - INFO - Segmented transcript into 5 chapters
2025-10-18 23:00:37 - ingestion.transcript_ingestion - INFO - 💾 Step 4: Saving Transcript...
2025-10-18 23:00:37 - ingestion.transcript_ingestion - INFO - 💾 Transcript with temporal context saved: /home/sidd4ml/capstoneproject-2025-llmz/data/raw_ingested_transcripts/TERRIFYING Tornado Scenarios- What You Should Do_25-10-18 11:00 PM.json
2025-10-18 23:00:37 - ingestion.transcript_ingestion - INFO - ✅ Successfully processed: TERRIFYING Tornado Scenarios: What You Should Do
2025-10-18 23:00:37 - __main__ - INFO - ✅ Successfully processed: TERRIFYING Tornado Scenarios: What You Should Do
2025-10-18 23:00:37 - prefect.task_runs - INFO - Finished in state Completed()
2025-10-18 23:00:37 - __main__ - INFO - 📊 Processing Summary:
2025-10-18 23:00:37 - __main__ - INFO - ✅ Successful transcript extraction: 4 videos
2025-10-18 23:00:37 - __main__ - INFO - 🔇 ASR candidate : 6 videos
2025-10-18 23:00:37 - __main__ - INFO -  - Originally without captions: 4
2025-10-18 23:00:37 - __main__ - INFO -  - Failed/age-restricted: 2
2025-10-18 23:00:37 - __main__ - INFO -  🚨 Failed/Age-restricted videos (also added to ASR bucket): ['euq82a4SJdY', 'sr-xcxgPWq8']
2025-10-18 23:00:37 - __main__ - INFO - 🎤 Step 5: Starting ASR processing...
2025-10-18 23:00:37 - httpx - INFO - HTTP Request: POST http://127.0.0.1:8168/api/logs/ "HTTP/1.1 201 Created"
2025-10-18 23:00:37 - ingestion.asr_operation - INFO - 🎯 Starting ASR processing for 6 videos
2025-10-18 23:00:37 - ingestion.asr_operation - INFO - 🔊 Processing 1/6: How to Survive in the Arctic Without Clothes
2025-10-18 23:00:37 - ingestion.asr_operation - INFO - 🎤 Starting ASR pipeline for: How to Survive in the Arctic Without Clothes
2025-10-18 23:00:37 - ingestion.asr_operation - INFO - 📥 Downloading audio for: How to Survive in the Arctic Without Clothes
2025-10-18 23:00:52 - ingestion.asr_operation - INFO - ✅ Audio downloaded: /home/sidd4ml/capstoneproject-2025-llmz/data/ingested_audio_files/How to Survive in the Arctic Without Clothes_25-10-18 11:00 PM.wav
2025-10-18 23:00:52 - prefect.task_runs - INFO - Finished in state Completed()
2025-10-18 23:00:53 - httpx - INFO - HTTP Request: POST http://127.0.0.1:8168/api/logs/ "HTTP/1.1 201 Created"
2025-10-18 23:00:59 - ingestion.asr_operation - INFO - Extracted 10 chapters from video
2025-10-18 23:00:59 - prefect.task_runs - INFO - Finished in state Completed()
2025-10-18 23:00:59 - ingestion.asr_operation - INFO - 📖 Chapters found: 10
2025-10-18 23:00:59 - ingestion.asr_operation - INFO - 🔊 Starting ASR transcription: /home/sidd4ml/capstoneproject-2025-llmz/data/ingested_audio_files/How to Survive in the Arctic Without Clothes_25-10-18 11:00 PM.wav
2025-10-18 23:00:59 - httpx - INFO - HTTP Request: POST http://127.0.0.1:8168/api/logs/ "HTTP/1.1 201 Created"
2025-10-18 23:01:01 - faster_whisper - INFO - Processing audio with duration 05:28.539
2025-10-18 23:01:04 - faster_whisper - INFO - VAD filter removed 00:22.011 of audio
2025-10-18 23:01:05 - faster_whisper - INFO - Detected language 'en' with probability 1.00
2025-10-18 23:01:55 - ingestion.asr_operation - INFO - ✅ ASR completed: 87 segments, language: en
2025-10-18 23:01:55 - prefect.task_runs - INFO - Finished in state Completed()
2025-10-18 23:01:55 - ingestion.asr_operation - INFO - Segmented transcript into 10 chapters
2025-10-18 23:01:55 - prefect.task_runs - INFO - Finished in state Completed()
2025-10-18 23:01:55 - ingestion.asr_operation - INFO - 💾 ASR transcript saved: /home/sidd4ml/capstoneproject-2025-llmz/data/raw_asr_transcripts/How to Survive in the Arctic Without Clothes_25-10-18 11:01 PM.json
2025-10-18 23:01:55 - prefect.task_runs - INFO - Finished in state Completed()
2025-10-18 23:01:55 - ingestion.asr_operation - INFO - ✅ ASR pipeline completed for: How to Survive in the Arctic Without Clothes
2025-10-18 23:01:55 - prefect.task_runs - INFO - Finished in state Completed()
2025-10-18 23:01:55 - ingestion.asr_operation - INFO - ✅ ASR success for : How to Survive in the Arctic Without Clothes
2025-10-18 23:01:55 - ingestion.asr_operation - INFO - 🔄 Waiting 5s before next ASR video...
2025-10-18 23:01:56 - httpx - INFO - HTTP Request: POST http://127.0.0.1:8168/api/logs/ "HTTP/1.1 201 Created"
2025-10-18 23:02:00 - ingestion.asr_operation - INFO - 🔊 Processing 2/6: How to Survive a Week in a Bathtub
2025-10-18 23:02:00 - ingestion.asr_operation - INFO - 🎤 Starting ASR pipeline for: How to Survive a Week in a Bathtub
2025-10-18 23:02:00 - ingestion.asr_operation - INFO - 📥 Downloading audio for: How to Survive a Week in a Bathtub
2025-10-18 23:02:16 - ingestion.asr_operation - INFO - ✅ Audio downloaded: /home/sidd4ml/capstoneproject-2025-llmz/data/ingested_audio_files/How to Survive a Week in a Bathtub_25-10-18 11:02 PM.wav
2025-10-18 23:02:16 - prefect.task_runs - INFO - Finished in state Completed()
2025-10-18 23:02:18 - httpx - INFO - HTTP Request: POST http://127.0.0.1:8168/api/logs/ "HTTP/1.1 201 Created"
2025-10-18 23:02:21 - ingestion.asr_operation - INFO - Extracted 5 chapters from video
2025-10-18 23:02:21 - prefect.task_runs - INFO - Finished in state Completed()
2025-10-18 23:02:21 - ingestion.asr_operation - INFO - 📖 Chapters found: 5
2025-10-18 23:02:21 - ingestion.asr_operation - INFO - 🔊 Starting ASR transcription: /home/sidd4ml/capstoneproject-2025-llmz/data/ingested_audio_files/How to Survive a Week in a Bathtub_25-10-18 11:02 PM.wav
2025-10-18 23:02:22 - httpx - INFO - HTTP Request: POST http://127.0.0.1:8168/api/logs/ "HTTP/1.1 201 Created"
2025-10-18 23:02:24 - faster_whisper - INFO - Processing audio with duration 05:28.896
2025-10-18 23:02:26 - faster_whisper - INFO - VAD filter removed 00:30.048 of audio
2025-10-18 23:02:28 - faster_whisper - INFO - Detected language 'en' with probability 0.94
2025-10-18 23:03:18 - ingestion.asr_operation - INFO - ✅ ASR completed: 63 segments, language: en
2025-10-18 23:03:18 - prefect.task_runs - INFO - Finished in state Completed()
2025-10-18 23:03:18 - ingestion.asr_operation - INFO - Segmented transcript into 5 chapters
2025-10-18 23:03:18 - prefect.task_runs - INFO - Finished in state Completed()
2025-10-18 23:03:18 - ingestion.asr_operation - INFO - 💾 ASR transcript saved: /home/sidd4ml/capstoneproject-2025-llmz/data/raw_asr_transcripts/How to Survive a Week in a Bathtub_25-10-18 11:03 PM.json
2025-10-18 23:03:18 - prefect.task_runs - INFO - Finished in state Completed()
2025-10-18 23:03:18 - ingestion.asr_operation - INFO - ✅ ASR pipeline completed for: How to Survive a Week in a Bathtub
2025-10-18 23:03:18 - prefect.task_runs - INFO - Finished in state Completed()
2025-10-18 23:03:18 - ingestion.asr_operation - INFO - ✅ ASR success for : How to Survive a Week in a Bathtub
2025-10-18 23:03:18 - ingestion.asr_operation - INFO - 🔄 Waiting 5s before next ASR video...
2025-10-18 23:03:20 - httpx - INFO - HTTP Request: POST http://127.0.0.1:8168/api/logs/ "HTTP/1.1 201 Created"
2025-10-18 23:03:23 - ingestion.asr_operation - INFO - 🔊 Processing 3/6: How to Survive an Avalanche, According to Science
2025-10-18 23:03:23 - ingestion.asr_operation - INFO - 🎤 Starting ASR pipeline for: How to Survive an Avalanche, According to Science
2025-10-18 23:03:24 - ingestion.asr_operation - INFO - 📥 Downloading audio for: How to Survive an Avalanche, According to Science
2025-10-18 23:03:38 - ingestion.asr_operation - INFO - ✅ Audio downloaded: /home/sidd4ml/capstoneproject-2025-llmz/data/ingested_audio_files/How to Survive an Avalanche, According to Science_25-10-18 11:03 PM.wav
2025-10-18 23:03:38 - prefect.task_runs - INFO - Finished in state Completed()
2025-10-18 23:03:38 - httpx - INFO - HTTP Request: POST http://127.0.0.1:8168/api/logs/ "HTTP/1.1 201 Created"
2025-10-18 23:03:44 - ingestion.asr_operation - INFO - No chapters found in video
2025-10-18 23:03:44 - prefect.task_runs - INFO - Finished in state Completed()
2025-10-18 23:03:44 - ingestion.asr_operation - INFO - ℹ️ No chapters found
2025-10-18 23:03:44 - ingestion.asr_operation - INFO - 🔊 Starting ASR transcription: /home/sidd4ml/capstoneproject-2025-llmz/data/ingested_audio_files/How to Survive an Avalanche, According to Science_25-10-18 11:03 PM.wav
2025-10-18 23:03:46 - httpx - INFO - HTTP Request: POST http://127.0.0.1:8168/api/logs/ "HTTP/1.1 201 Created"
2025-10-18 23:03:47 - faster_whisper - INFO - Processing audio with duration 04:13.748
2025-10-18 23:03:48 - faster_whisper - INFO - VAD filter removed 00:12.948 of audio
2025-10-18 23:03:50 - faster_whisper - INFO - Detected language 'en' with probability 1.00
2025-10-18 23:04:39 - ingestion.asr_operation - INFO - ✅ ASR completed: 99 segments, language: en
2025-10-18 23:04:39 - prefect.task_runs - INFO - Finished in state Completed()
2025-10-18 23:04:40 - ingestion.asr_operation - INFO - No chapters found, using full video as single segment
2025-10-18 23:04:40 - prefect.task_runs - INFO - Finished in state Completed()
2025-10-18 23:04:40 - ingestion.asr_operation - INFO - 💾 ASR transcript saved: /home/sidd4ml/capstoneproject-2025-llmz/data/raw_asr_transcripts/How to Survive an Avalanche, According to Science_25-10-18 11:04 PM.json
2025-10-18 23:04:40 - prefect.task_runs - INFO - Finished in state Completed()
2025-10-18 23:04:40 - ingestion.asr_operation - INFO - ✅ ASR pipeline completed for: How to Survive an Avalanche, According to Science
2025-10-18 23:04:40 - prefect.task_runs - INFO - Finished in state Completed()
2025-10-18 23:04:40 - ingestion.asr_operation - INFO - ✅ ASR success for : How to Survive an Avalanche, According to Science
2025-10-18 23:04:40 - ingestion.asr_operation - INFO - 🔄 Waiting 5s before next ASR video...
2025-10-18 23:04:40 - httpx - INFO - HTTP Request: POST http://127.0.0.1:8168/api/logs/ "HTTP/1.1 201 Created"
2025-10-18 23:04:45 - ingestion.asr_operation - INFO - 🔊 Processing 4/6: Deleted video
2025-10-18 23:04:45 - ingestion.asr_operation - INFO - 🎤 Starting ASR pipeline for: Deleted video
2025-10-18 23:04:45 - ingestion.asr_operation - INFO - 📥 Downloading audio for: Deleted video
2025-10-18 23:04:47 - ingestion.asr_operation - ERROR - ❌ Audio download failed for Deleted video: [0;31mERROR:[0m [youtube] jRlkOU0g9kM: Video unavailable. This video is no longer available due to a copyright claim by Viral DRM
2025-10-18 23:04:47 - prefect.task_runs - INFO - Task run failed with exception: DownloadError('\x1b[0;31mERROR:\x1b[0m [youtube] jRlkOU0g9kM: Video unavailable. This video is no longer available due to a copyright claim by Viral DRM') - Retry 1/2 will start 5 second(s) from now
2025-10-18 23:04:48 - httpx - INFO - HTTP Request: POST http://127.0.0.1:8168/api/logs/ "HTTP/1.1 201 Created"
2025-10-18 23:04:52 - ingestion.asr_operation - INFO - 📥 Downloading audio for: Deleted video
2025-10-18 23:04:53 - ingestion.asr_operation - ERROR - ❌ Audio download failed for Deleted video: [0;31mERROR:[0m [youtube] jRlkOU0g9kM: Video unavailable. This video is no longer available due to a copyright claim by Viral DRM
2025-10-18 23:04:53 - prefect.task_runs - INFO - Task run failed with exception: DownloadError('\x1b[0;31mERROR:\x1b[0m [youtube] jRlkOU0g9kM: Video unavailable. This video is no longer available due to a copyright claim by Viral DRM') - Retry 2/2 will start 5 second(s) from now
2025-10-18 23:04:54 - httpx - INFO - HTTP Request: POST http://127.0.0.1:8168/api/logs/ "HTTP/1.1 201 Created"
2025-10-18 23:04:58 - ingestion.asr_operation - INFO - 📥 Downloading audio for: Deleted video
2025-10-18 23:05:00 - ingestion.asr_operation - ERROR - ❌ Audio download failed for Deleted video: [0;31mERROR:[0m [youtube] jRlkOU0g9kM: Video unavailable. This video is no longer available due to a copyright claim by Viral DRM
2025-10-18 23:05:00 - prefect.task_runs - ERROR - Task run failed with exception: DownloadError('\x1b[0;31mERROR:\x1b[0m [youtube] jRlkOU0g9kM: Video unavailable. This video is no longer available due to a copyright claim by Viral DRM') - Retries are exhausted
Traceback (most recent call last):
  File "/home/sidd4ml/.pyenv/versions/3.11.5/lib/python3.11/site-packages/yt_dlp/YoutubeDL.py", line 1645, in wrapper
    return func(self, *args, **kwargs)
           ^^^^^^^^^^^^^^^^^^^^^^^^^^^
  File "/home/sidd4ml/.pyenv/versions/3.11.5/lib/python3.11/site-packages/yt_dlp/YoutubeDL.py", line 1780, in __extract_info
    ie_result = ie.extract(url)
                ^^^^^^^^^^^^^^^
  File "/home/sidd4ml/.pyenv/versions/3.11.5/lib/python3.11/site-packages/yt_dlp/extractor/common.py", line 762, in extract
    ie_result = self._real_extract(url)
                ^^^^^^^^^^^^^^^^^^^^^^^
  File "/home/sidd4ml/.pyenv/versions/3.11.5/lib/python3.11/site-packages/yt_dlp/extractor/youtube/_video.py", line 3985, in _real_extract
    self.raise_no_formats(reason, expected=True)
  File "/home/sidd4ml/.pyenv/versions/3.11.5/lib/python3.11/site-packages/yt_dlp/extractor/common.py", line 1274, in raise_no_formats
    raise ExtractorError(msg, expected=expected, video_id=video_id)
yt_dlp.utils.ExtractorError: [youtube] jRlkOU0g9kM: Video unavailable. This video is no longer available due to a copyright claim by Viral DRM

During handling of the above exception, another exception occurred:

Traceback (most recent call last):
  File "/home/sidd4ml/.pyenv/versions/3.11.5/lib/python3.11/site-packages/prefect/task_engine.py", line 871, in run_context
    yield self
  File "/home/sidd4ml/.pyenv/versions/3.11.5/lib/python3.11/site-packages/prefect/task_engine.py", line 1512, in run_task_sync
    engine.call_task_fn(txn)
  File "/home/sidd4ml/.pyenv/versions/3.11.5/lib/python3.11/site-packages/prefect/task_engine.py", line 888, in call_task_fn
    result = call_with_parameters(self.task.fn, parameters)
             ^^^^^^^^^^^^^^^^^^^^^^^^^^^^^^^^^^^^^^^^^^^^^^
  File "/home/sidd4ml/.pyenv/versions/3.11.5/lib/python3.11/site-packages/prefect/utilities/callables.py", line 210, in call_with_parameters
    return fn(*args, **kwargs)
           ^^^^^^^^^^^^^^^^^^^
  File "/home/sidd4ml/capstoneproject-2025-llmz/ingestion/asr_operation.py", line 50, in download_audio
    ydl.download([video_url])
  File "/home/sidd4ml/.pyenv/versions/3.11.5/lib/python3.11/site-packages/yt_dlp/YoutubeDL.py", line 3611, in download
    self.__download_wrapper(self.extract_info)(
  File "/home/sidd4ml/.pyenv/versions/3.11.5/lib/python3.11/site-packages/yt_dlp/YoutubeDL.py", line 3584, in wrapper
    res = func(*args, **kwargs)
          ^^^^^^^^^^^^^^^^^^^^^
  File "/home/sidd4ml/.pyenv/versions/3.11.5/lib/python3.11/site-packages/yt_dlp/YoutubeDL.py", line 1634, in extract_info
    return self.__extract_info(url, self.get_info_extractor(key), download, extra_info, process)
           ^^^^^^^^^^^^^^^^^^^^^^^^^^^^^^^^^^^^^^^^^^^^^^^^^^^^^^^^^^^^^^^^^^^^^^^^^^^^^^^^^^^^^
  File "/home/sidd4ml/.pyenv/versions/3.11.5/lib/python3.11/site-packages/yt_dlp/YoutubeDL.py", line 1663, in wrapper
    self.report_error(str(e), e.format_traceback())
  File "/home/sidd4ml/.pyenv/versions/3.11.5/lib/python3.11/site-packages/yt_dlp/YoutubeDL.py", line 1103, in report_error
    self.trouble(f'{self._format_err("ERROR:", self.Styles.ERROR)} {message}', *args, **kwargs)
  File "/home/sidd4ml/.pyenv/versions/3.11.5/lib/python3.11/site-packages/yt_dlp/YoutubeDL.py", line 1042, in trouble
    raise DownloadError(message, exc_info)
yt_dlp.utils.DownloadError: [0;31mERROR:[0m [youtube] jRlkOU0g9kM: Video unavailable. This video is no longer available due to a copyright claim by Viral DRM
2025-10-18 23:05:00 - prefect.task_runs - WARNING - Failed to write result: Failed to serialize object of type 'DownloadError' with serializer 'pickle'. You can try a different serializer (e.g. result_serializer="json") or disabling persistence (persist_result=False) for this flow or task. Execution will continue, but the result has not been written
2025-10-18 23:05:00 - prefect.task_runs - ERROR - Finished in state Failed('Task run encountered an exception DownloadError: \x1b[0;31mERROR:\x1b[0m [youtube] jRlkOU0g9kM: Video unavailable. This video is no longer available due to a copyright claim by Viral DRM')
2025-10-18 23:05:00 - ingestion.asr_operation - ERROR - ❌ ASR pipeline failed for Deleted video: [0;31mERROR:[0m [youtube] jRlkOU0g9kM: Video unavailable. This video is no longer available due to a copyright claim by Viral DRM
2025-10-18 23:05:00 - prefect.task_runs - INFO - Finished in state Completed()
2025-10-18 23:05:00 - ingestion.asr_operation - ERROR - ❌ ASR failed for: Deleted video
2025-10-18 23:05:00 - ingestion.asr_operation - INFO - 🔄 Waiting 5s before next ASR video...
2025-10-18 23:05:01 - httpx - INFO - HTTP Request: POST http://127.0.0.1:8168/api/logs/ "HTTP/1.1 201 Created"
2025-10-18 23:05:05 - ingestion.asr_operation - INFO - 🔊 Processing 5/6: How to Survive Being Kicked in the Groin
2025-10-18 23:05:05 - ingestion.asr_operation - INFO - 🎤 Starting ASR pipeline for: How to Survive Being Kicked in the Groin
2025-10-18 23:05:05 - ingestion.asr_operation - INFO - 📥 Downloading audio for: How to Survive Being Kicked in the Groin
2025-10-18 23:05:08 - ingestion.asr_operation - ERROR - ❌ Audio download failed for How to Survive Being Kicked in the Groin: [0;31mERROR:[0m [youtube] euq82a4SJdY: Sign in to confirm your age. This video may be inappropriate for some users. Use --cookies-from-browser or --cookies for the authentication. See  https://github.com/yt-dlp/yt-dlp/wiki/FAQ#how-do-i-pass-cookies-to-yt-dlp  for how to manually pass cookies. Also see  https://github.com/yt-dlp/yt-dlp/wiki/Extractors#exporting-youtube-cookies  for tips on effectively exporting YouTube cookies
2025-10-18 23:05:08 - prefect.task_runs - INFO - Task run failed with exception: DownloadError('\x1b[0;31mERROR:\x1b[0m [youtube] euq82a4SJdY: Sign in to confirm your age. This video may be inappropriate for some users. Use --cookies-from-browser or --cookies for the authentication. See  https://github.com/yt-dlp/yt-dlp/wiki/FAQ#how-do-i-pass-cookies-to-yt-dlp  for how to manually pass cookies. Also see  https://github.com/yt-dlp/yt-dlp/wiki/Extractors#exporting-youtube-cookies  for tips on effectively exporting YouTube cookies') - Retry 1/2 will start 5 second(s) from now
2025-10-18 23:05:09 - httpx - INFO - HTTP Request: POST http://127.0.0.1:8168/api/logs/ "HTTP/1.1 201 Created"
2025-10-18 23:05:13 - ingestion.asr_operation - INFO - 📥 Downloading audio for: How to Survive Being Kicked in the Groin
2025-10-18 23:05:15 - ingestion.asr_operation - ERROR - ❌ Audio download failed for How to Survive Being Kicked in the Groin: [0;31mERROR:[0m [youtube] euq82a4SJdY: Sign in to confirm your age. This video may be inappropriate for some users. Use --cookies-from-browser or --cookies for the authentication. See  https://github.com/yt-dlp/yt-dlp/wiki/FAQ#how-do-i-pass-cookies-to-yt-dlp  for how to manually pass cookies. Also see  https://github.com/yt-dlp/yt-dlp/wiki/Extractors#exporting-youtube-cookies  for tips on effectively exporting YouTube cookies
2025-10-18 23:05:15 - prefect.task_runs - INFO - Task run failed with exception: DownloadError('\x1b[0;31mERROR:\x1b[0m [youtube] euq82a4SJdY: Sign in to confirm your age. This video may be inappropriate for some users. Use --cookies-from-browser or --cookies for the authentication. See  https://github.com/yt-dlp/yt-dlp/wiki/FAQ#how-do-i-pass-cookies-to-yt-dlp  for how to manually pass cookies. Also see  https://github.com/yt-dlp/yt-dlp/wiki/Extractors#exporting-youtube-cookies  for tips on effectively exporting YouTube cookies') - Retry 2/2 will start 5 second(s) from now
2025-10-18 23:05:17 - httpx - INFO - HTTP Request: POST http://127.0.0.1:8168/api/logs/ "HTTP/1.1 201 Created"
2025-10-18 23:05:20 - ingestion.asr_operation - INFO - 📥 Downloading audio for: How to Survive Being Kicked in the Groin
2025-10-18 23:05:22 - ingestion.asr_operation - ERROR - ❌ Audio download failed for How to Survive Being Kicked in the Groin: [0;31mERROR:[0m [youtube] euq82a4SJdY: Sign in to confirm your age. This video may be inappropriate for some users. Use --cookies-from-browser or --cookies for the authentication. See  https://github.com/yt-dlp/yt-dlp/wiki/FAQ#how-do-i-pass-cookies-to-yt-dlp  for how to manually pass cookies. Also see  https://github.com/yt-dlp/yt-dlp/wiki/Extractors#exporting-youtube-cookies  for tips on effectively exporting YouTube cookies
2025-10-18 23:05:22 - prefect.task_runs - ERROR - Task run failed with exception: DownloadError('\x1b[0;31mERROR:\x1b[0m [youtube] euq82a4SJdY: Sign in to confirm your age. This video may be inappropriate for some users. Use --cookies-from-browser or --cookies for the authentication. See  https://github.com/yt-dlp/yt-dlp/wiki/FAQ#how-do-i-pass-cookies-to-yt-dlp  for how to manually pass cookies. Also see  https://github.com/yt-dlp/yt-dlp/wiki/Extractors#exporting-youtube-cookies  for tips on effectively exporting YouTube cookies') - Retries are exhausted
Traceback (most recent call last):
  File "/home/sidd4ml/.pyenv/versions/3.11.5/lib/python3.11/site-packages/yt_dlp/YoutubeDL.py", line 1645, in wrapper
    return func(self, *args, **kwargs)
           ^^^^^^^^^^^^^^^^^^^^^^^^^^^
  File "/home/sidd4ml/.pyenv/versions/3.11.5/lib/python3.11/site-packages/yt_dlp/YoutubeDL.py", line 1780, in __extract_info
    ie_result = ie.extract(url)
                ^^^^^^^^^^^^^^^
  File "/home/sidd4ml/.pyenv/versions/3.11.5/lib/python3.11/site-packages/yt_dlp/extractor/common.py", line 762, in extract
    ie_result = self._real_extract(url)
                ^^^^^^^^^^^^^^^^^^^^^^^
  File "/home/sidd4ml/.pyenv/versions/3.11.5/lib/python3.11/site-packages/yt_dlp/extractor/youtube/_video.py", line 3985, in _real_extract
    self.raise_no_formats(reason, expected=True)
  File "/home/sidd4ml/.pyenv/versions/3.11.5/lib/python3.11/site-packages/yt_dlp/extractor/common.py", line 1274, in raise_no_formats
    raise ExtractorError(msg, expected=expected, video_id=video_id)
yt_dlp.utils.ExtractorError: [youtube] euq82a4SJdY: Sign in to confirm your age. This video may be inappropriate for some users. Use --cookies-from-browser or --cookies for the authentication. See  https://github.com/yt-dlp/yt-dlp/wiki/FAQ#how-do-i-pass-cookies-to-yt-dlp  for how to manually pass cookies. Also see  https://github.com/yt-dlp/yt-dlp/wiki/Extractors#exporting-youtube-cookies  for tips on effectively exporting YouTube cookies

During handling of the above exception, another exception occurred:

Traceback (most recent call last):
  File "/home/sidd4ml/.pyenv/versions/3.11.5/lib/python3.11/site-packages/prefect/task_engine.py", line 871, in run_context
    yield self
  File "/home/sidd4ml/.pyenv/versions/3.11.5/lib/python3.11/site-packages/prefect/task_engine.py", line 1512, in run_task_sync
    engine.call_task_fn(txn)
  File "/home/sidd4ml/.pyenv/versions/3.11.5/lib/python3.11/site-packages/prefect/task_engine.py", line 888, in call_task_fn
    result = call_with_parameters(self.task.fn, parameters)
             ^^^^^^^^^^^^^^^^^^^^^^^^^^^^^^^^^^^^^^^^^^^^^^
  File "/home/sidd4ml/.pyenv/versions/3.11.5/lib/python3.11/site-packages/prefect/utilities/callables.py", line 210, in call_with_parameters
    return fn(*args, **kwargs)
           ^^^^^^^^^^^^^^^^^^^
  File "/home/sidd4ml/capstoneproject-2025-llmz/ingestion/asr_operation.py", line 50, in download_audio
    ydl.download([video_url])
  File "/home/sidd4ml/.pyenv/versions/3.11.5/lib/python3.11/site-packages/yt_dlp/YoutubeDL.py", line 3611, in download
    self.__download_wrapper(self.extract_info)(
  File "/home/sidd4ml/.pyenv/versions/3.11.5/lib/python3.11/site-packages/yt_dlp/YoutubeDL.py", line 3584, in wrapper
    res = func(*args, **kwargs)
          ^^^^^^^^^^^^^^^^^^^^^
  File "/home/sidd4ml/.pyenv/versions/3.11.5/lib/python3.11/site-packages/yt_dlp/YoutubeDL.py", line 1634, in extract_info
    return self.__extract_info(url, self.get_info_extractor(key), download, extra_info, process)
           ^^^^^^^^^^^^^^^^^^^^^^^^^^^^^^^^^^^^^^^^^^^^^^^^^^^^^^^^^^^^^^^^^^^^^^^^^^^^^^^^^^^^^
  File "/home/sidd4ml/.pyenv/versions/3.11.5/lib/python3.11/site-packages/yt_dlp/YoutubeDL.py", line 1663, in wrapper
    self.report_error(str(e), e.format_traceback())
  File "/home/sidd4ml/.pyenv/versions/3.11.5/lib/python3.11/site-packages/yt_dlp/YoutubeDL.py", line 1103, in report_error
    self.trouble(f'{self._format_err("ERROR:", self.Styles.ERROR)} {message}', *args, **kwargs)
  File "/home/sidd4ml/.pyenv/versions/3.11.5/lib/python3.11/site-packages/yt_dlp/YoutubeDL.py", line 1042, in trouble
    raise DownloadError(message, exc_info)
yt_dlp.utils.DownloadError: [0;31mERROR:[0m [youtube] euq82a4SJdY: Sign in to confirm your age. This video may be inappropriate for some users. Use --cookies-from-browser or --cookies for the authentication. See  https://github.com/yt-dlp/yt-dlp/wiki/FAQ#how-do-i-pass-cookies-to-yt-dlp  for how to manually pass cookies. Also see  https://github.com/yt-dlp/yt-dlp/wiki/Extractors#exporting-youtube-cookies  for tips on effectively exporting YouTube cookies
2025-10-18 23:05:22 - prefect.task_runs - WARNING - Failed to write result: Failed to serialize object of type 'DownloadError' with serializer 'pickle'. You can try a different serializer (e.g. result_serializer="json") or disabling persistence (persist_result=False) for this flow or task. Execution will continue, but the result has not been written
2025-10-18 23:05:22 - prefect.task_runs - ERROR - Finished in state Failed('Task run encountered an exception DownloadError: \x1b[0;31mERROR:\x1b[0m [youtube] euq82a4SJdY: Sign in to confirm your age. This video may be inappropriate for some users. Use --cookies-from-browser or --cookies for the authentication. See  https://github.com/yt-dlp/yt-dlp/wiki/FAQ#how-do-i-pass-cookies-to-yt-dlp  for how to manually pass cookies. Also see  https://github.com/yt-dlp/yt-dlp/wiki/Extractors#exporting-youtube-cookies  for tips on effectively exporting YouTube cookies')
2025-10-18 23:05:22 - ingestion.asr_operation - ERROR - ❌ ASR pipeline failed for How to Survive Being Kicked in the Groin: [0;31mERROR:[0m [youtube] euq82a4SJdY: Sign in to confirm your age. This video may be inappropriate for some users. Use --cookies-from-browser or --cookies for the authentication. See  https://github.com/yt-dlp/yt-dlp/wiki/FAQ#how-do-i-pass-cookies-to-yt-dlp  for how to manually pass cookies. Also see  https://github.com/yt-dlp/yt-dlp/wiki/Extractors#exporting-youtube-cookies  for tips on effectively exporting YouTube cookies
2025-10-18 23:05:22 - prefect.task_runs - INFO - Finished in state Completed()
2025-10-18 23:05:22 - ingestion.asr_operation - ERROR - ❌ ASR failed for: How to Survive Being Kicked in the Groin
2025-10-18 23:05:22 - ingestion.asr_operation - INFO - 🔄 Waiting 5s before next ASR video...
2025-10-18 23:05:23 - httpx - INFO - HTTP Request: POST http://127.0.0.1:8168/api/logs/ "HTTP/1.1 201 Created"
2025-10-18 23:05:27 - ingestion.asr_operation - INFO - 🔊 Processing 6/6: How to Survive Frost Bite
2025-10-18 23:05:28 - ingestion.asr_operation - INFO - 🎤 Starting ASR pipeline for: How to Survive Frost Bite
2025-10-18 23:05:28 - ingestion.asr_operation - INFO - 📥 Downloading audio for: How to Survive Frost Bite
2025-10-18 23:05:30 - ingestion.asr_operation - ERROR - ❌ Audio download failed for How to Survive Frost Bite: [0;31mERROR:[0m [youtube] sr-xcxgPWq8: Sign in to confirm your age. This video may be inappropriate for some users. Use --cookies-from-browser or --cookies for the authentication. See  https://github.com/yt-dlp/yt-dlp/wiki/FAQ#how-do-i-pass-cookies-to-yt-dlp  for how to manually pass cookies. Also see  https://github.com/yt-dlp/yt-dlp/wiki/Extractors#exporting-youtube-cookies  for tips on effectively exporting YouTube cookies
2025-10-18 23:05:30 - prefect.task_runs - INFO - Task run failed with exception: DownloadError('\x1b[0;31mERROR:\x1b[0m [youtube] sr-xcxgPWq8: Sign in to confirm your age. This video may be inappropriate for some users. Use --cookies-from-browser or --cookies for the authentication. See  https://github.com/yt-dlp/yt-dlp/wiki/FAQ#how-do-i-pass-cookies-to-yt-dlp  for how to manually pass cookies. Also see  https://github.com/yt-dlp/yt-dlp/wiki/Extractors#exporting-youtube-cookies  for tips on effectively exporting YouTube cookies') - Retry 1/2 will start 5 second(s) from now
2025-10-18 23:05:31 - httpx - INFO - HTTP Request: POST http://127.0.0.1:8168/api/logs/ "HTTP/1.1 201 Created"
2025-10-18 23:05:35 - ingestion.asr_operation - INFO - 📥 Downloading audio for: How to Survive Frost Bite
2025-10-18 23:05:38 - ingestion.asr_operation - ERROR - ❌ Audio download failed for How to Survive Frost Bite: [0;31mERROR:[0m [youtube] sr-xcxgPWq8: Sign in to confirm your age. This video may be inappropriate for some users. Use --cookies-from-browser or --cookies for the authentication. See  https://github.com/yt-dlp/yt-dlp/wiki/FAQ#how-do-i-pass-cookies-to-yt-dlp  for how to manually pass cookies. Also see  https://github.com/yt-dlp/yt-dlp/wiki/Extractors#exporting-youtube-cookies  for tips on effectively exporting YouTube cookies
2025-10-18 23:05:38 - prefect.task_runs - INFO - Task run failed with exception: DownloadError('\x1b[0;31mERROR:\x1b[0m [youtube] sr-xcxgPWq8: Sign in to confirm your age. This video may be inappropriate for some users. Use --cookies-from-browser or --cookies for the authentication. See  https://github.com/yt-dlp/yt-dlp/wiki/FAQ#how-do-i-pass-cookies-to-yt-dlp  for how to manually pass cookies. Also see  https://github.com/yt-dlp/yt-dlp/wiki/Extractors#exporting-youtube-cookies  for tips on effectively exporting YouTube cookies') - Retry 2/2 will start 5 second(s) from now
2025-10-18 23:05:39 - httpx - INFO - HTTP Request: POST http://127.0.0.1:8168/api/logs/ "HTTP/1.1 201 Created"
2025-10-18 23:05:43 - ingestion.asr_operation - INFO - 📥 Downloading audio for: How to Survive Frost Bite
2025-10-18 23:05:45 - ingestion.asr_operation - ERROR - ❌ Audio download failed for How to Survive Frost Bite: [0;31mERROR:[0m [youtube] sr-xcxgPWq8: Sign in to confirm your age. This video may be inappropriate for some users. Use --cookies-from-browser or --cookies for the authentication. See  https://github.com/yt-dlp/yt-dlp/wiki/FAQ#how-do-i-pass-cookies-to-yt-dlp  for how to manually pass cookies. Also see  https://github.com/yt-dlp/yt-dlp/wiki/Extractors#exporting-youtube-cookies  for tips on effectively exporting YouTube cookies
2025-10-18 23:05:45 - prefect.task_runs - ERROR - Task run failed with exception: DownloadError('\x1b[0;31mERROR:\x1b[0m [youtube] sr-xcxgPWq8: Sign in to confirm your age. This video may be inappropriate for some users. Use --cookies-from-browser or --cookies for the authentication. See  https://github.com/yt-dlp/yt-dlp/wiki/FAQ#how-do-i-pass-cookies-to-yt-dlp  for how to manually pass cookies. Also see  https://github.com/yt-dlp/yt-dlp/wiki/Extractors#exporting-youtube-cookies  for tips on effectively exporting YouTube cookies') - Retries are exhausted
Traceback (most recent call last):
  File "/home/sidd4ml/.pyenv/versions/3.11.5/lib/python3.11/site-packages/yt_dlp/YoutubeDL.py", line 1645, in wrapper
    return func(self, *args, **kwargs)
           ^^^^^^^^^^^^^^^^^^^^^^^^^^^
  File "/home/sidd4ml/.pyenv/versions/3.11.5/lib/python3.11/site-packages/yt_dlp/YoutubeDL.py", line 1780, in __extract_info
    ie_result = ie.extract(url)
                ^^^^^^^^^^^^^^^
  File "/home/sidd4ml/.pyenv/versions/3.11.5/lib/python3.11/site-packages/yt_dlp/extractor/common.py", line 762, in extract
    ie_result = self._real_extract(url)
                ^^^^^^^^^^^^^^^^^^^^^^^
  File "/home/sidd4ml/.pyenv/versions/3.11.5/lib/python3.11/site-packages/yt_dlp/extractor/youtube/_video.py", line 3985, in _real_extract
    self.raise_no_formats(reason, expected=True)
  File "/home/sidd4ml/.pyenv/versions/3.11.5/lib/python3.11/site-packages/yt_dlp/extractor/common.py", line 1274, in raise_no_formats
    raise ExtractorError(msg, expected=expected, video_id=video_id)
yt_dlp.utils.ExtractorError: [youtube] sr-xcxgPWq8: Sign in to confirm your age. This video may be inappropriate for some users. Use --cookies-from-browser or --cookies for the authentication. See  https://github.com/yt-dlp/yt-dlp/wiki/FAQ#how-do-i-pass-cookies-to-yt-dlp  for how to manually pass cookies. Also see  https://github.com/yt-dlp/yt-dlp/wiki/Extractors#exporting-youtube-cookies  for tips on effectively exporting YouTube cookies

During handling of the above exception, another exception occurred:

Traceback (most recent call last):
  File "/home/sidd4ml/.pyenv/versions/3.11.5/lib/python3.11/site-packages/prefect/task_engine.py", line 871, in run_context
    yield self
  File "/home/sidd4ml/.pyenv/versions/3.11.5/lib/python3.11/site-packages/prefect/task_engine.py", line 1512, in run_task_sync
    engine.call_task_fn(txn)
  File "/home/sidd4ml/.pyenv/versions/3.11.5/lib/python3.11/site-packages/prefect/task_engine.py", line 888, in call_task_fn
    result = call_with_parameters(self.task.fn, parameters)
             ^^^^^^^^^^^^^^^^^^^^^^^^^^^^^^^^^^^^^^^^^^^^^^
  File "/home/sidd4ml/.pyenv/versions/3.11.5/lib/python3.11/site-packages/prefect/utilities/callables.py", line 210, in call_with_parameters
    return fn(*args, **kwargs)
           ^^^^^^^^^^^^^^^^^^^
  File "/home/sidd4ml/capstoneproject-2025-llmz/ingestion/asr_operation.py", line 50, in download_audio
    ydl.download([video_url])
  File "/home/sidd4ml/.pyenv/versions/3.11.5/lib/python3.11/site-packages/yt_dlp/YoutubeDL.py", line 3611, in download
    self.__download_wrapper(self.extract_info)(
  File "/home/sidd4ml/.pyenv/versions/3.11.5/lib/python3.11/site-packages/yt_dlp/YoutubeDL.py", line 3584, in wrapper
    res = func(*args, **kwargs)
          ^^^^^^^^^^^^^^^^^^^^^
  File "/home/sidd4ml/.pyenv/versions/3.11.5/lib/python3.11/site-packages/yt_dlp/YoutubeDL.py", line 1634, in extract_info
    return self.__extract_info(url, self.get_info_extractor(key), download, extra_info, process)
           ^^^^^^^^^^^^^^^^^^^^^^^^^^^^^^^^^^^^^^^^^^^^^^^^^^^^^^^^^^^^^^^^^^^^^^^^^^^^^^^^^^^^^
  File "/home/sidd4ml/.pyenv/versions/3.11.5/lib/python3.11/site-packages/yt_dlp/YoutubeDL.py", line 1663, in wrapper
    self.report_error(str(e), e.format_traceback())
  File "/home/sidd4ml/.pyenv/versions/3.11.5/lib/python3.11/site-packages/yt_dlp/YoutubeDL.py", line 1103, in report_error
    self.trouble(f'{self._format_err("ERROR:", self.Styles.ERROR)} {message}', *args, **kwargs)
  File "/home/sidd4ml/.pyenv/versions/3.11.5/lib/python3.11/site-packages/yt_dlp/YoutubeDL.py", line 1042, in trouble
    raise DownloadError(message, exc_info)
yt_dlp.utils.DownloadError: [0;31mERROR:[0m [youtube] sr-xcxgPWq8: Sign in to confirm your age. This video may be inappropriate for some users. Use --cookies-from-browser or --cookies for the authentication. See  https://github.com/yt-dlp/yt-dlp/wiki/FAQ#how-do-i-pass-cookies-to-yt-dlp  for how to manually pass cookies. Also see  https://github.com/yt-dlp/yt-dlp/wiki/Extractors#exporting-youtube-cookies  for tips on effectively exporting YouTube cookies
2025-10-18 23:05:45 - prefect.task_runs - WARNING - Failed to write result: Failed to serialize object of type 'DownloadError' with serializer 'pickle'. You can try a different serializer (e.g. result_serializer="json") or disabling persistence (persist_result=False) for this flow or task. Execution will continue, but the result has not been written
2025-10-18 23:05:45 - prefect.task_runs - ERROR - Finished in state Failed('Task run encountered an exception DownloadError: \x1b[0;31mERROR:\x1b[0m [youtube] sr-xcxgPWq8: Sign in to confirm your age. This video may be inappropriate for some users. Use --cookies-from-browser or --cookies for the authentication. See  https://github.com/yt-dlp/yt-dlp/wiki/FAQ#how-do-i-pass-cookies-to-yt-dlp  for how to manually pass cookies. Also see  https://github.com/yt-dlp/yt-dlp/wiki/Extractors#exporting-youtube-cookies  for tips on effectively exporting YouTube cookies')
2025-10-18 23:05:45 - ingestion.asr_operation - ERROR - ❌ ASR pipeline failed for How to Survive Frost Bite: [0;31mERROR:[0m [youtube] sr-xcxgPWq8: Sign in to confirm your age. This video may be inappropriate for some users. Use --cookies-from-browser or --cookies for the authentication. See  https://github.com/yt-dlp/yt-dlp/wiki/FAQ#how-do-i-pass-cookies-to-yt-dlp  for how to manually pass cookies. Also see  https://github.com/yt-dlp/yt-dlp/wiki/Extractors#exporting-youtube-cookies  for tips on effectively exporting YouTube cookies
2025-10-18 23:05:45 - prefect.task_runs - INFO - Finished in state Completed()
2025-10-18 23:05:45 - ingestion.asr_operation - ERROR - ❌ ASR failed for: How to Survive Frost Bite
2025-10-18 23:05:45 - ingestion.asr_operation - INFO - 🏁 ASR batch completed: 3 success, 3 failed
2025-10-18 23:05:45 - prefect.task_runs - INFO - Finished in state Completed()
2025-10-18 23:05:45 - __main__ - INFO - 📊 FINAL PIPELINE SUMMARY:
2025-10-18 23:05:45 - __main__ - INFO - 🎯 Original new videos: 10
2025-10-18 23:05:45 - __main__ - INFO - ✅ Successful transcript API: 4
2025-10-18 23:05:45 - __main__ - INFO - 🔊 Successful ASR: 3
2025-10-18 23:05:45 - __main__ - INFO - ❌ Total failed: 5
2025-10-18 23:05:45 - __main__ - INFO - 📄 Total transcripts generated: 7
2025-10-18 23:05:45 - __main__ - INFO - 🏁 Content Ingestion Pipeline Completed 🏁
2025-10-18 23:05:45 - httpx - INFO - HTTP Request: POST http://127.0.0.1:8168/api/flow_runs/400b26e3-91e5-413b-9012-9456ecef3af5/set_state "HTTP/1.1 201 Created"
2025-10-18 23:05:45 - prefect.flow_runs - INFO - Finished in state Completed()
2025-10-18 23:05:45 - httpx - INFO - HTTP Request: POST http://127.0.0.1:8168/api/logs/ "HTTP/1.1 201 Created"
2025-10-18 23:05:45 - prefect - INFO - Stopping temporary server on http://127.0.0.1:8168
